// Jest Snapshot v1, https://goo.gl/fbAQLP

exports[`Shot description 1`] = `
ShallowWrapper {
  "length": 1,
  Symbol(enzyme.__root__): [Circular],
  Symbol(enzyme.__unrendered__): <Footer
    shot={
        Object {
            "description": "Shot Description #1",
            "id": 1,
            "images": Object {
              "hidpi": "https://dribbble/images/hidpi",
              "normal": "https://dribbble/images/normal",
            },
            "likes_count": 100,
            "title": "Shot #1",
            "user": Object {
              "avatar_url": "https://dribbble.com/user/avatar.png",
              "html_url": "https://dribbble.com/user/",
              "name": "User #1",
            },
            "views_count": 100,
          }
    }
/>,
  Symbol(enzyme.__renderer__): Object {
    "batchedUpdates": [Function],
    "getNode": [Function],
    "render": [Function],
    "simulateEvent": [Function],
    "unmount": [Function],
  },
  Symbol(enzyme.__node__): Object {
    "instance": null,
    "key": null,
    "nodeType": "host",
    "props": Object {
      "dangerouslySetInnerHTML": Object {
        "__html": "Shot Description #1",
      },
    },
    "ref": null,
    "rendered": null,
    "type": "div",
  },
  Symbol(enzyme.__nodes__): Array [
    Object {
      "instance": null,
      "key": null,
      "nodeType": "host",
      "props": Object {
        "dangerouslySetInnerHTML": Object {
          "__html": "Shot Description #1",
        },
      },
      "ref": null,
      "rendered": null,
      "type": "div",
    },
  ],
  Symbol(enzyme.__options__): Object {
    "adapter": ReactSixteenAdapter {
      "options": Object {
        "enableComponentDidUpdateOnSetState": true,
      },
    },
  },
}
`;
