// Jest Snapshot v1, https://goo.gl/fbAQLP

exports[`Action dispatches 1`] = `
Array [
  Array [
    Object {
      "payload": Array [
        Object {
          "description": "Shot Description #1",
          "id": 1,
          "images": Object {
            "hidpi": "https://dribbble/images/hidpi",
            "normal": "https://dribbble/images/normal",
          },
          "likes_count": 100,
          "title": "Shot #1",
          "user": Object {
            "avatar_url": "https://dribbble.com/user/avatar.png",
            "html_url": "https://dribbble.com/user/",
            "name": "User #1",
          },
          "views_count": 100,
        },
        Object {
          "description": "Shot Description #2",
          "id": 2,
          "images": Object {
            "hidpi": "https://dribbble/images/hidpi",
            "normal": "https://dribbble/images/normal",
          },
          "likes_count": 100,
          "title": "Shot #2",
          "user": Object {
            "avatar_url": "https://dribbble.com/user/avatar.png",
            "html_url": "https://dribbble.com/user/",
            "name": "User #2",
          },
          "views_count": 100,
        },
        Object {
          "description": "Shot Description #3",
          "id": 3,
          "images": Object {
            "hidpi": "https://dribbble/images/hidpi",
            "normal": "https://dribbble/images/normal",
          },
          "likes_count": 100,
          "title": "Shot #3",
          "user": Object {
            "avatar_url": "https://dribbble.com/user/avatar.png",
            "html_url": "https://dribbble.com/user/",
            "name": "User #3",
          },
          "views_count": 100,
        },
      ],
      "type": "SHOTS_FETCHED",
    },
  ],
]
`;

exports[`Request Header 1`] = `
Object {
  "headers": Headers {
    "_headers": Object {
      "authorization": Array [
        "Bearer replace-with-a-valid-key",
      ],
    },
  },
}
`;

exports[`Request URL 1`] = `"https://api.dribbble.com/v1/shots/"`;
